// Jest Snapshot v1, https://goo.gl/fbAQLP

exports[`App Component render testing matches snapshot 1`] = `<Dashboard />`;
