// Jest Snapshot v1, https://goo.gl/fbAQLP

exports[`ContentHeader Component rendering testing matches snapshot 1`] = `
<section
  className="page-header"
>
  <h2>
    My Books
  </h2>
  <div
    className="book-category-filter"
  >
    <div
      className="dropdown"
    >
      <button
        aria-expanded="false"
        aria-haspopup="true"
        className="btn btn-link dropdown-toggle btn-shadow btn-rounded"
        data-toggle="dropdown"
        id="dropdownMenuButton"
        type="button"
      >
        All Categories
      </button>
      <div
        aria-labelledby="dropdownMenuButton"
        className="dropdown-menu dropdown-menu-right"
      >
        <a
          className="dropdown-item"
          onClick={[Function]}
        >
          Biography
        </a>
        <a
          className="dropdown-item"
          onClick={[Function]}
        >
          Kids
        </a>
        <a
          className="dropdown-item"
          onClick={[Function]}
        >
          Sports
        </a>
        <a
          className="dropdown-item"
          onClick={[Function]}
        >
          Fiction
        </a>
        <a
          className="dropdown-item"
          onClick={[Function]}
        >
          Drama
        </a>
      </div>
    </div>
  </div>
</section>
`;
