// Jest Snapshot v1, https://goo.gl/fbAQLP

exports[`Navbar Component matches the snapshot 1`] = `
<nav
  className="navbar fixed-top flex-md-nowrap p-0"
>
  <span
    className="mobile-menu d-md-none"
  >
    <i
      className="icon ion-md-menu"
    />
  </span>
  <a
    className="navbar-brand col-sm-3 col-md-2 mr-0"
    href="#"
  >
    <img
      alt="Books Dashboard"
      className="logo"
      src="../assets/images/logo.png"
    />
  </a>
  <span
    className="mobile-profile-setting d-md-none"
  >
    <i
      className="icon ion-md-more"
    />
  </span>
  <div
    className="navbar-menu-content w-100"
  >
    <div
      className="search-form-wrapper w-50"
    >
      <form
        className="search-books"
      >
        <input
          aria-label="Search"
          className="form-control"
          placeholder="Search"
          type="text"
        />
        <button
          className="btn btn-link"
          type="submit"
        >
          <i
            className="icon ion-md-search"
          />
        </button>
      </form>
    </div>
    <ul
      className="navbar-nav navbar-custom"
    >
      <li
        className="nav-item notifications"
      >
        <span
          aria-expanded="false"
          aria-haspopup="true"
          data-toggle="dropdown"
        >
          <i
            className="icon ion-md-notifications-outline"
          />
          <sup>
            1
          </sup>
        </span>
        <div
          aria-labelledby="dropdownMenuButton"
          className="dropdown-menu dropdown-menu-right"
        >
          <a
            className="dropdown-item"
            href="#"
          >
            Notification One
          </a>
          <a
            className="dropdown-item"
            href="#"
          >
            Notification two
          </a>
          <a
            className="dropdown-item"
            href="#"
          >
            Notification three
          </a>
        </div>
      </li>
      <li
        className="nav-item user-info-block"
      >
        <div
          aria-expanded="false"
          aria-haspopup="true"
          className="media"
          data-toggle="dropdown"
        >
          <div
            className="media-body"
          >
            <h5
              className="mt-0 mb-1"
            >
              Brawn Smith
            </h5>
          </div>
          <img
            alt="Brawn Smith"
            className="align-self-center ml-3"
            src="../assets/images/user.png"
          />
        </div>
        <div
          aria-labelledby="dropdownMenuButton"
          className="dropdown-menu dropdown-menu-right"
        >
          <a
            className="dropdown-item"
            href="#"
          >
            Profile
          </a>
          <a
            className="dropdown-item"
            href="#"
          >
            Mail
          </a>
          <a
            className="dropdown-item"
            href="#"
          >
            Logout
          </a>
        </div>
      </li>
    </ul>
  </div>
</nav>
`;
